../Core/Src/balanza_fsm.c:28:17:pesoNeto	4	static
../Core/Src/balanza_fsm.c:37:13:fsmInicio	8	static
../Core/Src/balanza_fsm.c:45:13:fsmMenuPrincipal	8	static
../Core/Src/balanza_fsm.c:84:13:fsmPesando	8	static
../Core/Src/balanza_fsm.c:97:13:fsmTara	8	static
../Core/Src/balanza_fsm.c:110:13:fsmTaraOk	8	static
../Core/Src/balanza_fsm.c:118:13:fsmConteoMenu	8	static
../Core/Src/balanza_fsm.c:167:13:fsmConteo	8	static
../Core/Src/balanza_fsm.c:186:6:cambiarEstado	16	static
../Core/Src/balanza_fsm.c:231:6:balanzaFSM_Init	8	static
../Core/Src/balanza_fsm.c:246:6:balanzaStateMachine	8	static
../Core/Src/balanza_fsm.c:272:6:balanzaSetEvento	16	static
../Core/Src/balanza_fsm.c:276:6:balanzaSetPeso	16	static
../Core/Src/balanza_fsm.c:280:6:balanzaSetTecla	16	static
