../Core/Src/balanza_fsm.c:29:17:pesoNeto	4	static
../Core/Src/balanza_fsm.c:38:13:fsmInicio	8	static
../Core/Src/balanza_fsm.c:46:13:fsmMenuPrincipal	8	static
../Core/Src/balanza_fsm.c:85:13:fsmPesando	8	static
../Core/Src/balanza_fsm.c:98:13:fsmTara	8	static
../Core/Src/balanza_fsm.c:111:13:fsmTaraOk	8	static
../Core/Src/balanza_fsm.c:119:13:fsmConteoMenu	8	static
../Core/Src/balanza_fsm.c:198:13:fsmConteo	8	static
../Core/Src/balanza_fsm.c:217:6:cambiarEstado	16	static
../Core/Src/balanza_fsm.c:262:6:balanzaFSM_Init	8	static
../Core/Src/balanza_fsm.c:277:6:balanzaStateMachine	8	static
../Core/Src/balanza_fsm.c:303:6:balanzaSetEvento	16	static
../Core/Src/balanza_fsm.c:307:6:balanzaSetPeso	16	static
../Core/Src/balanza_fsm.c:311:6:balanzaSetTecla	16	static
