../Core/Src/gui.c:45:13:printCentered	48	static
../Core/Src/gui.c:61:13:printSubmenu	56	static
../Core/Src/gui.c:78:13:printYesNo	16	static
../Core/Src/gui.c:84:6:guiMostrarInicio	8	static
../Core/Src/gui.c:91:6:guiMostrarMenu	56	static
../Core/Src/gui.c:114:6:guiMostrarMenuPrincipal	16	static
../Core/Src/gui.c:120:6:guiMostrarPesando	40	static
../Core/Src/gui.c:136:6:guiPesandoUpdate	40	static
../Core/Src/gui.c:148:6:guiMostrarTara	40	static
../Core/Src/gui.c:159:6:guiTaraUpdate	40	static
../Core/Src/gui.c:167:6:guiTaraOk	8	static
../Core/Src/gui.c:172:6:guiMostrarConteoOpcion	48	static
../Core/Src/gui.c:180:6:guiMostrarConteoMenu	16	static
../Core/Src/gui.c:187:6:guiMostrarConteoNeg1	8	static
../Core/Src/gui.c:196:6:guiMostrarConteoNeg2	8	static
../Core/Src/gui.c:205:6:guiMostrarConteo	48	static
../Core/Src/gui.c:217:6:guiUpdateConteo	48	static
../Core/Src/gui.c:235:6:guiMostrarCalibrandoOffset	8	static
../Core/Src/gui.c:243:6:guiMostrarCalibrandoGanancia	8	static
../Core/Src/gui.c:251:6:guiMostrarConfirmacionCalibracion	8	static
../Core/Src/gui.c:257:6:guiMostrarError	16	static
