../Core/Src/gui.c:25:13:printCentered	48	static
../Core/Src/gui.c:42:13:printSubmenu	56	static
../Core/Src/gui.c:59:6:guiMostrarInicio	8	static
../Core/Src/gui.c:66:6:guiMostrarMenu	56	static
../Core/Src/gui.c:88:6:guiMostrarMenuPrincipal	16	static
../Core/Src/gui.c:94:6:guiMostrarPesando	48	static
../Core/Src/gui.c:109:6:guiPesandoUpdate	48	static
../Core/Src/gui.c:121:6:guiMostrarTara	48	static
../Core/Src/gui.c:131:6:guiTaraUpdate	48	static
../Core/Src/gui.c:138:6:guiTaraOk	8	static
../Core/Src/gui.c:143:6:guiMostrarReferenciaConteo	40	static
../Core/Src/gui.c:153:6:guiMostrarConteo	104	static
../Core/Src/gui.c:168:6:guiMostrarCalibrandoOffset	8	static
../Core/Src/gui.c:176:6:guiMostrarCalibrandoGanancia	8	static
../Core/Src/gui.c:184:6:guiMostrarConfirmacionCalibracion	8	static
../Core/Src/gui.c:190:6:guiMostrarError	16	static
