../Core/Src/gui.c:25:13:printCentered	48	static
../Core/Src/gui.c:42:13:printSubmenu	56	static
../Core/Src/gui.c:59:6:guiMostrarInicio	8	static
../Core/Src/gui.c:66:6:guiMostrarMenu	56	static
../Core/Src/gui.c:88:6:guiMostrarMenuPrincipal	16	static
../Core/Src/gui.c:94:6:guiMostrarPesando	40	static
../Core/Src/gui.c:109:6:guiPesandoUpdate	40	static
../Core/Src/gui.c:121:6:guiMostrarTara	40	static
../Core/Src/gui.c:131:6:guiTaraUpdate	40	static
../Core/Src/gui.c:138:6:guiMostrarReferenciaConteo	40	static
../Core/Src/gui.c:148:6:guiMostrarConteo	96	static
../Core/Src/gui.c:162:6:guiMostrarCalibrandoOffset	8	static
../Core/Src/gui.c:170:6:guiMostrarCalibrandoGanancia	8	static
../Core/Src/gui.c:178:6:guiMostrarConfirmacionCalibracion	8	static
../Core/Src/gui.c:184:6:guiMostrarError	16	static
