../Core/Src/gui.c:45:13:printCentered	48	static
../Core/Src/gui.c:61:13:printSubmenu	56	static
../Core/Src/gui.c:78:13:printYesNo	16	static
../Core/Src/gui.c:84:6:guiMostrarInicio	8	static
../Core/Src/gui.c:91:6:guiMostrarMenu	56	static
../Core/Src/gui.c:114:6:guiMostrarMenuPrincipal	16	static
../Core/Src/gui.c:120:6:guiMostrarPesando	40	static
../Core/Src/gui.c:136:6:guiPesandoUpdate	40	static
../Core/Src/gui.c:148:6:guiMostrarTara	40	static
../Core/Src/gui.c:159:6:guiTaraUpdate	40	static
../Core/Src/gui.c:167:6:guiTaraOk	8	static
../Core/Src/gui.c:172:6:guiMostrarConteoOpcion	48	static
../Core/Src/gui.c:180:6:guiMostrarConteoMenu	16	static
../Core/Src/gui.c:187:6:guiMostrarConteoNeg1	8	static
../Core/Src/gui.c:196:6:guiMostrarConteoNeg2	8	static
../Core/Src/gui.c:205:6:guiMostrarConteoSetIngreso	8	static
../Core/Src/gui.c:213:6:guiActualizarIngreso	16	static
../Core/Src/gui.c:218:6:guiCursorOff	8	static
../Core/Src/gui.c:222:6:guiMostrarConteo	48	static
../Core/Src/gui.c:234:6:guiUpdateConteo	48	static
../Core/Src/gui.c:254:6:guiMostrarCalibrandoOffset	8	static
../Core/Src/gui.c:262:6:guiMostrarCalibrandoGanancia	8	static
../Core/Src/gui.c:270:6:guiMostrarConfirmacionCalibracion	8	static
../Core/Src/gui.c:276:6:guiMostrarError	16	static
