../Core/Src/gui.c:15:13:printCentered	48	static
../Core/Src/gui.c:32:13:printSubmenu	56	static
../Core/Src/gui.c:49:6:guiMostrarInicio	8	static
../Core/Src/gui.c:56:6:guiMostrarMenuPrincipal	8	static
../Core/Src/gui.c:64:6:guiMostrarPesando	40	static
../Core/Src/gui.c:79:6:guiPesandoUpdate	40	static
../Core/Src/gui.c:91:6:guiMostrarTara	40	static
../Core/Src/gui.c:101:6:guiTaraUpdate	40	static
../Core/Src/gui.c:108:6:guiMostrarReferenciaConteo	40	static
../Core/Src/gui.c:118:6:guiMostrarConteo	96	static
../Core/Src/gui.c:132:6:guiMostrarCalibrandoOffset	8	static
../Core/Src/gui.c:140:6:guiMostrarCalibrandoGanancia	8	static
../Core/Src/gui.c:148:6:guiMostrarConfirmacionCalibracion	8	static
../Core/Src/gui.c:154:6:guiMostrarError	16	static
