../Drivers/API/src/lcd_driver.c:22:13:lcdSendCmd	16	static
../Drivers/API/src/lcd_driver.c:35:13:lcdSendData	16	static
../Drivers/API/src/lcd_driver.c:46:6:lcdCommand	16	static
../Drivers/API/src/lcd_driver.c:55:6:lcdData	16	static
../Drivers/API/src/lcd_driver.c:66:8:lcdInit	8	static
../Drivers/API/src/lcd_driver.c:82:6:lcdClear	8	static
../Drivers/API/src/lcd_driver.c:93:6:lcdSetCursor	24	static
../Drivers/API/src/lcd_driver.c:107:6:lcdPrint	16	static
../Drivers/API/src/lcd_driver.c:116:6:lcdShowLine	16	static
../Drivers/API/src/lcd_driver.c:124:6:lcdOffCursor	8	static
../Drivers/API/src/lcd_driver.c:128:6:lcdPrintConCursor	24	static
../Drivers/API/src/lcd_driver.c:141:6:lcdShowCentered	48	static
../Drivers/API/src/lcd_driver.c:158:6:lcdClearRange	40	static
