../Drivers/API/src/lcd_driver.c:14:13:lcdSendCmd	16	static
../Drivers/API/src/lcd_driver.c:27:13:lcdSendData	16	static
../Drivers/API/src/lcd_driver.c:37:14:lcdCommand	16	static
../Drivers/API/src/lcd_driver.c:48:14:lcdData	16	static
../Drivers/API/src/lcd_driver.c:60:14:lcdInit	8	static
../Drivers/API/src/lcd_driver.c:77:14:lcdClear	8	static
../Drivers/API/src/lcd_driver.c:90:14:lcdSetCursor	16	static
../Drivers/API/src/lcd_driver.c:107:14:lcdPrint	16	static
../Drivers/API/src/lcd_driver.c:125:14:lcdShowLine	16	static
../Drivers/API/src/lcd_driver.c:140:14:lcdOffCursor	8	static
../Drivers/API/src/lcd_driver.c:153:14:lcdPrintConCursor	24	static
../Drivers/API/src/lcd_driver.c:178:14:lcdShowCentered	48	static
../Drivers/API/src/lcd_driver.c:207:14:lcdClearRange	40	static
